
> biryanibet-react-frontend@0.1.0 build
> react-scripts build

Creating an optimized production build...
Compiled with warnings.

[eslint] 
src\App.js
  Line 2:27:  'useEffect' is defined but never used  no-unused-vars

src\layouts\main-layout\index.jsx
  Line 1:27:   'useContext' is defined but never used          no-unused-vars
  Line 7:10:   'GamePlayContext' is defined but never used     no-unused-vars
  Line 9:21:   'ReactToastify' is defined but never used       no-unused-vars
  Line 11:10:  'io' is defined but never used                  no-unused-vars
  Line 18:20:  'setIsOpen' is assigned a value but never used  no-unused-vars
  Line 19:11:  'location' is assigned a value but never used   no-unused-vars

src\prefabs\PlayerProfile.js
  Line 77:26:  Expected '===' and instead saw '=='  eqeqeq
  Line 88:26:  Expected '===' and instead saw '=='  eqeqeq

src\routes\PrivateRoutes.jsx
  Line 1:28:  'useState' is defined but never used                                                                                                 no-unused-vars
  Line 22:8:  React Hook useEffect has missing dependencies: 'currentPath' and 'publicRoutes'. Either include them or remove the dependency array  react-hooks/exhaustive-deps

src\routes\Router.jsx
  Line 2:10:  'route' is defined but never used  no-unused-vars

src\scenes\Level.js
  Line 1:1:      Unexpected Unicode BOM (Byte Order Mark)                unicode-bom
  Line 18:8:     'ChipAnimationController' is defined but never used     no-unused-vars
  Line 2078:33:  Expected '===' and instead saw '=='                     eqeqeq
  Line 2288:24:  Expected '===' and instead saw '=='                     eqeqeq
  Line 2369:25:  Expected '===' and instead saw '=='                     eqeqeq
  Line 2425:31:  Expected '!==' and instead saw '!='                     eqeqeq
  Line 2431:31:  Expected '!==' and instead saw '!='                     eqeqeq
  Line 2443:35:  Expected '!==' and instead saw '!='                     eqeqeq
  Line 2447:35:  Expected '!==' and instead saw '!='                     eqeqeq
  Line 2451:35:  Expected '!==' and instead saw '!='                     eqeqeq
  Line 2457:31:  Expected '!==' and instead saw '!='                     eqeqeq
  Line 2470:21:  Expected '===' and instead saw '=='                     eqeqeq
  Line 2475:25:  Expected '===' and instead saw '=='                     eqeqeq
  Line 2476:34:  Expected '===' and instead saw '=='                     eqeqeq
  Line 2641:56:  'nLastBidChips' is assigned a value but never used      no-unused-vars
  Line 2644:21:  Expected '===' and instead saw '=='                     eqeqeq
  Line 2659:25:  Expected '===' and instead saw '=='                     eqeqeq
  Line 2711:29:  Expected '===' and instead saw '=='                     eqeqeq
  Line 2828:11:  'iAmCheckCommitted' is assigned a value but never used  no-unused-vars
  Line 2831:9:   Expected a default case                                 default-case
  Line 2978:22:  Expected '!==' and instead saw '!='                     eqeqeq
  Line 3036:25:  Expected '===' and instead saw '=='                     eqeqeq
  Line 3051:28:  Expected '===' and instead saw '=='                     eqeqeq
  Line 3058:29:  Expected '===' and instead saw '=='                     eqeqeq
  Line 3064:29:  Expected '===' and instead saw '=='                     eqeqeq
  Line 3111:21:  Expected '===' and instead saw '=='                     eqeqeq

src\scripts\SocketManager.js
  Line 44:47:  Expected '===' and instead saw '=='  eqeqeq

src\scripts\helper.js
  Line 53:17:  Expected '===' and instead saw '=='  eqeqeq

src\shared\components\404\index.jsx
  Line 6:10:  'route' is defined but never used  no-unused-vars

src\shared\components\CustomPagination\index.jsx
  Line 19:23:  Unexpected mix of '||' and '&&'. Use parentheses to clarify the intended order of operations  no-mixed-operators
  Line 19:42:  Unexpected mix of '||' and '&&'. Use parentheses to clarify the intended order of operations  no-mixed-operators

src\shared\components\DataTable\index.jsx
  Line 1:8:    'PropTypes' is defined but never used        no-unused-vars
  Line 3:10:   'Button' is defined but never used           no-unused-vars
  Line 38:11:  'params' is assigned a value but never used  no-unused-vars

src\shared\components\TransactionFilter\index.jsx
  Line 8:22:  'reset' is assigned a value but never used  no-unused-vars

src\views\auth\login\index.jsx
  Line 250:57:  The href attribute is required for an anchor to be keyboard accessible. Provide a valid, navigable address as the href value. If you cannot provide an href, but still need the element to resemble a link, use a button and change it with appropriate styles. Learn more: https://github.com/jsx-eslint/eslint-plugin-jsx-a11y/blob/HEAD/docs/rules/anchor-is-valid.md  jsx-a11y/anchor-is-valid
  Line 337:57:  The href attribute is required for an anchor to be keyboard accessible. Provide a valid, navigable address as the href value. If you cannot provide an href, but still need the element to resemble a link, use a button and change it with appropriate styles. Learn more: https://github.com/jsx-eslint/eslint-plugin-jsx-a11y/blob/HEAD/docs/rules/anchor-is-valid.md  jsx-a11y/anchor-is-valid
  Line 441:65:  The href attribute is required for an anchor to be keyboard accessible. Provide a valid, navigable address as the href value. If you cannot provide an href, but still need the element to resemble a link, use a button and change it with appropriate styles. Learn more: https://github.com/jsx-eslint/eslint-plugin-jsx-a11y/blob/HEAD/docs/rules/anchor-is-valid.md  jsx-a11y/anchor-is-valid

src\views\dashboard\index.jsx
  Line 15:10:   'Link' is defined but never used                            no-unused-vars
  Line 133:12:  'nActiveSeatCount' is assigned a value but never used       no-unused-vars
  Line 637:11:  'handleSeatCountChange' is assigned a value but never used  no-unused-vars

src\views\dashboard\privateTable.jsx
  Line 3:10:    'Link' is defined but never used                                                                                                          no-unused-vars
  Line 18:12:   'activeTab' is assigned a value but never used                                                                                            no-unused-vars
  Line 18:23:   'setActiveTab' is assigned a value but never used                                                                                         no-unused-vars
  Line 22:13:   'control' is assigned a value but never used                                                                                              no-unused-vars
  Line 22:32:   'reset' is assigned a value but never used                                                                                                no-unused-vars
  Line 22:105:  'setValue' is assigned a value but never used                                                                                             no-unused-vars
  Line 24:19:   'dataTabel' is assigned a value but never used                                                                                            no-unused-vars
  Line 47:58:   'joinTableLoading' is assigned a value but never used                                                                                     no-unused-vars
  Line 62:56:   'joinPrivateTableLoading' is assigned a value but never used                                                                              no-unused-vars
  Line 85:8:    React Hook useEffect has a missing dependency: 'watch'. Either include it or remove the dependency array                                  react-hooks/exhaustive-deps
  Line 85:9:    React Hook useEffect has a complex expression in the dependency array. Extract it to a separate variable so it can be statically checked  react-hooks/exhaustive-deps

src\views\game\EmojiPicker.jsx
  Line 39:29:  Elements with the ARIA role "option" must have the following attributes defined: aria-selected  jsx-a11y/role-has-required-aria-props

src\views\transactions\index.jsx
  Line 34:13:  'isLoading' is assigned a value but never used   no-unused-vars
  Line 34:24:  'isFetching' is assigned a value but never used  no-unused-vars

Search for the keywords to learn more about each warning.
To ignore, add // eslint-disable-next-line to the line before.

File sizes after gzip:

  316.29 kB  build\static\js\289.c12f9fc0.chunk.js
  147.38 kB  build\static\js\470.d9e2c78d.chunk.js
  91.99 kB   build\static\css\main.da75246b.css
  90.63 kB   build\static\js\main.9671231e.js
  33.06 kB   build\static\js\417.921be929.chunk.js
  29.35 kB   build\static\js\552.0592d735.chunk.js
  15.44 kB   build\static\js\329.f12d6913.chunk.js
  15.32 kB   build\static\js\722.2ddd9983.chunk.js
  13.6 kB    build\static\js\440.3a3e1165.chunk.js
  13.06 kB   build\static\js\104.87b7dd4c.chunk.js
  10 kB      build\static\js\858.23942b88.chunk.js
  7.55 kB    build\static\js\158.d737a590.chunk.js
  6.68 kB    build\static\js\693.71a9def5.chunk.js
  6.62 kB    build\static\js\613.6a7ec692.chunk.js
  6.52 kB    build\static\js\585.6d53e65f.chunk.js
  6.22 kB    build\static\js\29.a044193c.chunk.js
  5.87 kB    build\static\js\277.5f392a8c.chunk.js
  4.65 kB    build\static\js\36.b354a2b4.chunk.js
  4.62 kB    build\static\js\302.9f215f47.chunk.js
  4.14 kB    build\static\js\142.59a4f491.chunk.js
  3.45 kB    build\static\js\183.4d926aa3.chunk.js
  3.05 kB    build\static\js\60.ece5cb64.chunk.js
  2.68 kB    build\static\js\515.8cd0a3c7.chunk.js
  2.57 kB    build\static\js\894.4ecfefdf.chunk.js
  2.56 kB    build\static\js\689.835c8de3.chunk.js
  2.43 kB    build\static\js\814.81568a8a.chunk.js
  2.38 kB    build\static\js\63.ac7bd5ce.chunk.js
  2.2 kB     build\static\js\599.16c869f4.chunk.js
  2.1 kB     build\static\js\525.2643998f.chunk.js
  2.06 kB    build\static\js\634.8de8bea1.chunk.js
  1.83 kB    build\static\js\419.598b9845.chunk.js
  1.78 kB    build\static\js\453.50870ba1.chunk.js
  1.4 kB     build\static\js\477.e4e7209d.chunk.js
  834 B      build\static\js\369.81cf9df7.chunk.js
  309 B      build\static\js\242.13b64e1d.chunk.js
  281 B      build\static\js\114.3f0c24f5.chunk.js
  253 B      build\static\js\79.2ad66542.chunk.js

The project was built assuming it is hosted at /.
You can control this with the homepage field in your package.json.

The build folder is ready to be deployed.
You may serve it with a static server:

  npm install -g serve
  serve -s build

Find out more about deployment here:

  https://cra.link/deployment

